"9250499593","6621889575","Brand awareness and reach-Display-1","REMOVED","SUSPENDED","OPTIMIZE","DISPLAY","2019-10-01","2037-12-30"
"9250499593","11319146328","5f8014e5c9d74","REMOVED","SUSPENDED","OPTIMIZE","SEARCH","2020-10-09","2037-12-30"
"9250499593","11319151818","5f8015b83c676","REMOVED","SUSPENDED","OPTIMIZE","SEARCH","2020-10-09","2037-12-30"
"9250499593","11319214719","5f8018c6706da","REMOVED","SUSPENDED","OPTIMIZE","SEARCH","2020-10-09","2037-12-30"
"9250499593","11321411750","5f8014ed02dca","REMOVED","SUSPENDED","OPTIMIZE","SEARCH","2020-10-09","2037-12-30"
"9250499593","11321412164","5f8014e963314","REMOVED","SUSPENDED","OPTIMIZE","SEARCH","2020-10-09","2037-12-30"
"9250499593","11321415296","5f8015b4bc9eb","REMOVED","SUSPENDED","OPTIMIZE","SEARCH","2020-10-09","2037-12-30"
"9250499593","11321422487","5f8016aa4f085","REMOVED","SUSPENDED","OPTIMIZE","SEARCH","2020-10-09","2037-12-30"
"9250499593","11321424650","5f8016aeaa1b5","REMOVED","SUSPENDED","OPTIMIZE","SEARCH","2020-10-09","2037-12-30"
"9250499593","11321444618","5f8018c48f5d4","REMOVED","SUSPENDED","OPTIMIZE","SEARCH","2020-10-09","2037-12-30"
"9250499593","11321445245","5f8018c2cc944","REMOVED","SUSPENDED","OPTIMIZE","SEARCH","2020-10-09","2037-12-30"
"9250499593","11321787115","5f8015bceb339","REMOVED","SUSPENDED","OPTIMIZE","SEARCH","2020-10-09","2037-12-30"
"9250499593","11321795995","5f8016ac31a8d","REMOVED","SUSPENDED","OPTIMIZE","SEARCH","2020-10-09","2037-12-30"
"9250499593","11321827801","5f80193bab515","REMOVED","SUSPENDED","OPTIMIZE","SEARCH","2020-10-09","2037-12-30"
"9250499593","11321827906","5f80193971f77","REMOVED","SUSPENDED","OPTIMIZE","SEARCH","2020-10-09","2037-12-30"
"9250499593","11321828815","5f80193853166","REMOVED","SUSPENDED","OPTIMIZE","SEARCH","2020-10-09","2037-12-30"
"9250499593","12443401142","603ca2ff31563","REMOVED","SUSPENDED","OPTIMIZE","SEARCH","2021-03-01","2037-12-30"
"9250499593","12443401151","603ca3005ed55","REMOVED","SUSPENDED","OPTIMIZE","SEARCH","2021-03-01","2037-12-30"
"9250499593","12445768027","603c9d82b6090","REMOVED","SUSPENDED","OPTIMIZE","SEARCH","2021-03-01","2037-12-30"
"9250499593","12445812154","603ca3020a5f6","REMOVED","SUSPENDED","OPTIMIZE","SEARCH","2021-03-01","2037-12-30"
"9250499593","12445817197","603ca38abd8ca","REMOVED","SUSPENDED","OPTIMIZE","SEARCH","2021-03-01","2037-12-30"
"9250499593","12445817644","603ca38d330a0","REMOVED","SUSPENDED","OPTIMIZE","SEARCH","2021-03-01","2037-12-30"
"9250499593","12446272962","603c9d83d0272","REMOVED","SUSPENDED","OPTIMIZE","SEARCH","2021-03-01","2037-12-30"
"9250499593","12446273013","603c9d8544d4e","REMOVED","SUSPENDED","OPTIMIZE","SEARCH","2021-03-01","2037-12-30"
"9250499593","12446320737","603ca38bc8ff9","REMOVED","SUSPENDED","OPTIMIZE","SEARCH","2021-03-01","2037-12-30"
"9250499593","12449511071","603dfb13dbf92","REMOVED","SUSPENDED","OPTIMIZE","SEARCH","2021-03-02","2037-12-30"
"9250499593","12449950310","603e04a6c7426","REMOVED","SUSPENDED","OPTIMIZE","SEARCH","2021-03-02","2037-12-30"
"9250499593","12451943419","603dfb1531bd4","REMOVED","SUSPENDED","OPTIMIZE","SEARCH","2021-03-02","2037-12-30"
"9250499593","12451954233","603dfb170d3d5","REMOVED","SUSPENDED","OPTIMIZE","SEARCH","2021-03-02","2037-12-30"
"9250499593","12452363713","603e043da4b35","REMOVED","SUSPENDED","OPTIMIZE","SEARCH","2021-03-02","2037-12-30"
"9250499593","12452364901","603e043edc91e","REMOVED","SUSPENDED","OPTIMIZE","SEARCH","2021-03-02","2037-12-30"
"9250499593","12452373030","603e04402f67e","REMOVED","SUSPENDED","OPTIMIZE","SEARCH","2021-03-02","2037-12-30"
"9250499593","12452380783","603e04a4dfe62","REMOVED","SUSPENDED","OPTIMIZE","SEARCH","2021-03-02","2037-12-30"
"9250499593","12452380960","603e04a8df275","REMOVED","SUSPENDED","OPTIMIZE","SEARCH","2021-03-02","2037-12-30"
"9250499593","12913628868","608bf12352421","REMOVED","SUSPENDED","OPTIMIZE","SEARCH","2021-04-30","2037-12-30"
"9250499593","12913643754","608bf227cfda4","REMOVED","SUSPENDED","OPTIMIZE","SEARCH","2021-04-30","2037-12-30"
"9250499593","12913669434","608bf542028a6","REMOVED","SUSPENDED","OPTIMIZE","SEARCH","2021-04-30","2037-12-30"
"9250499593","12913671834","608bf5bca3829","REMOVED","SUSPENDED","OPTIMIZE","SEARCH","2021-04-30","2037-12-30"
"9250499593","12913683741","608bf713abded","REMOVED","SUSPENDED","OPTIMIZE","SEARCH","2021-04-30","2037-12-30"
"9250499593","12913685718","608bf7507e3d5","REMOVED","SUSPENDED","OPTIMIZE","SEARCH","2021-04-30","2037-12-30"
"9250499593","12913689249","608bf78aacb51","REMOVED","SUSPENDED","OPTIMIZE","SEARCH","2021-04-30","2037-12-30"
"9250499593","12913695000","608bf7f97e7e5","REMOVED","SUSPENDED","OPTIMIZE","SEARCH","2021-04-30","2037-12-30"
"9250499593","12913697001","608bf83bdfcb3","REMOVED","SUSPENDED","OPTIMIZE","SEARCH","2021-04-30","2037-12-30"
"9250499593","12913719087","608bfb21d9298","REMOVED","SUSPENDED","OPTIMIZE","SEARCH","2021-04-30","2037-12-30"
"9250499593","12913757686","608bf2cd899cf","REMOVED","SUSPENDED","OPTIMIZE","SEARCH","2021-04-30","2037-12-30"
"9250499593","12913782187","608bf562a704c","REMOVED","SUSPENDED","OPTIMIZE","SEARCH","2021-04-30","2037-12-30"
"9250499593","12913784074","608bf5a33065e","REMOVED","SUSPENDED","OPTIMIZE","SEARCH","2021-04-30","2037-12-30"
"9250499593","12913793008","608bf6ecb190b","REMOVED","SUSPENDED","OPTIMIZE","SEARCH","2021-04-30","2037-12-30"
"9250499593","12913794409","608bf733a1537","REMOVED","SUSPENDED","OPTIMIZE","SEARCH","2021-04-30","2037-12-30"
"9250499593","12913804993","608bf82f74a74","REMOVED","SUSPENDED","OPTIMIZE","SEARCH","2021-04-30","2037-12-30"
"9250499593","12913824880","608bfb1e9ba8b","REMOVED","SUSPENDED","OPTIMIZE","SEARCH","2021-04-30","2037-12-30"
"9250499593","12913824934","608bfb2fd9e02","REMOVED","SUSPENDED","OPTIMIZE","SEARCH","2021-04-30","2037-12-30"
"9250499593","12913828744","608bfba112272","REMOVED","SUSPENDED","OPTIMIZE","SEARCH","2021-04-30","2037-12-30"
"9250499593","12913828957","608bfba596b36","REMOVED","SUSPENDED","OPTIMIZE","SEARCH","2021-04-30","2037-12-30"
"9250499593","12914272034","608bef9dc1baa","REMOVED","SUSPENDED","OPTIMIZE","SEARCH","2021-04-30","2037-12-30"
"9250499593","12914294150","608bf1ea2d0fe","REMOVED","SUSPENDED","OPTIMIZE","SEARCH","2021-04-30","2037-12-30"
"9250499593","12914294849","608bf20670944","REMOVED","SUSPENDED","OPTIMIZE","SEARCH","2021-04-30","2037-12-30"
"9250499593","12914339240","608bf76abae12","REMOVED","SUSPENDED","OPTIMIZE","SEARCH","2021-04-30","2037-12-30"
"9250499593","12914342846","608bf7a3f2904","REMOVED","SUSPENDED","OPTIMIZE","SEARCH","2021-04-30","2037-12-30"
"9250499593","12914345270","608bf7d9d71ce","REMOVED","SUSPENDED","OPTIMIZE","SEARCH","2021-04-30","2037-12-30"
"9250499593","12914347619","608bf8149d7f6","REMOVED","SUSPENDED","OPTIMIZE","SEARCH","2021-04-30","2037-12-30"
"9250499593","12914349305","608bf85a63f96","REMOVED","SUSPENDED","OPTIMIZE","SEARCH","2021-04-30","2037-12-30"
"9250499593","12914371901","608bfba011b36","REMOVED","SUSPENDED","OPTIMIZE","SEARCH","2021-04-30","2037-12-30"
"9250499593","12945644865","608f928654655","REMOVED","SUSPENDED","OPTIMIZE","SEARCH","2021-05-03","2037-12-30"
"9250499593","12947238932","608f92853d2e0","REMOVED","SUSPENDED","OPTIMIZE","SEARCH","2021-05-03","2037-12-30"
"9250499593","12947340388","608f919b9fdf9","REMOVED","SUSPENDED","OPTIMIZE","SEARCH","2021-05-03","2037-12-30"
"9250499593","12947341108","608f91a178a59","REMOVED","SUSPENDED","OPTIMIZE","SEARCH","2021-05-03","2037-12-30"
"9250499593","12947341126","608f919d1bd67","REMOVED","SUSPENDED","OPTIMIZE","SEARCH","2021-05-03","2037-12-30"
"9250499593","12947344513","608f928ae446f","REMOVED","SUSPENDED","OPTIMIZE","SEARCH","2021-05-03","2037-12-30"
"9250499593","15102372693","617bc78719ced","REMOVED","SUSPENDED","OPTIMIZE","SEARCH","2021-10-29","2037-12-30"
"9250499593","15102880755","617be12f82695","REMOVED","SUSPENDED","OPTIMIZE","SEARCH","2021-10-29","2037-12-30"
"9250499593","15102881682","617be12b4e3e7","REMOVED","SUSPENDED","OPTIMIZE","SEARCH","2021-10-29","2037-12-30"
"9250499593","15103106304","617bed0f58666","REMOVED","SUSPENDED","OPTIMIZE","SEARCH","2021-10-29","2037-12-30"
"9250499593","15103106538","617bed0b1982d","REMOVED","SUSPENDED","OPTIMIZE","SEARCH","2021-10-29","2037-12-30"
"9250499593","15104003731","617bc7838ca94","REMOVED","SUSPENDED","OPTIMIZE","SEARCH","2021-10-29","2037-12-30"
"9250499593","15104426314","617bddfd704f5","REMOVED","SUSPENDED","OPTIMIZE","SEARCH","2021-10-29","2037-12-30"
"9250499593","15104426617","617bde01d01d3","REMOVED","SUSPENDED","OPTIMIZE","SEARCH","2021-10-29","2037-12-30"
"9250499593","15104445763","617bdf4938430","REMOVED","SUSPENDED","OPTIMIZE","SEARCH","2021-10-29","2037-12-30"
"9250499593","15104445820","617bdf4f4c250","REMOVED","SUSPENDED","OPTIMIZE","SEARCH","2021-10-29","2037-12-30"
"9250499593","15104459236","617be03e711f8","REMOVED","SUSPENDED","OPTIMIZE","SEARCH","2021-10-29","2037-12-30"
"9250499593","15104459440","617be04006c27","REMOVED","SUSPENDED","OPTIMIZE","SEARCH","2021-10-29","2037-12-30"
"9250499593","15104459740","617be0444a479","REMOVED","SUSPENDED","OPTIMIZE","SEARCH","2021-10-29","2037-12-30"
"9250499593","15104470768","617be12a0fb4d","REMOVED","SUSPENDED","OPTIMIZE","SEARCH","2021-10-29","2037-12-30"
"9250499593","15104669449","617bec6c43c6f","REMOVED","SUSPENDED","OPTIMIZE","SEARCH","2021-10-29","2037-12-30"
"9250499593","15104670214","617bec71540b8","REMOVED","SUSPENDED","OPTIMIZE","SEARCH","2021-10-29","2037-12-30"
"9250499593","15104678800","617bed0945331","REMOVED","SUSPENDED","OPTIMIZE","SEARCH","2021-10-29","2037-12-30"
"9250499593","15106182701","617bc7906e516","REMOVED","SUSPENDED","OPTIMIZE","SEARCH","2021-10-29","2037-12-30"
"9250499593","15106655207","617bddfbd7fcb","REMOVED","SUSPENDED","OPTIMIZE","SEARCH","2021-10-29","2037-12-30"
"9250499593","15106671782","617bdf4ab05b5","REMOVED","SUSPENDED","OPTIMIZE","SEARCH","2021-10-29","2037-12-30"
"9250499593","15106946360","617bec6a847ce","REMOVED","SUSPENDED","OPTIMIZE","SEARCH","2021-10-29","2037-12-30"
"9250499593","15233997531","618d789217472","REMOVED","SUSPENDED","OPTIMIZE","SEARCH","2021-11-11","2037-12-30"
"9250499593","15233999220","618d788fcb708","REMOVED","SUSPENDED","OPTIMIZE","SEARCH","2021-11-11","2037-12-30"
"9250499593","15234041700","618d7a37543bb","REMOVED","SUSPENDED","OPTIMIZE","SEARCH","2021-11-11","2037-12-30"
"9250499593","15234059436","618d7b2268372","REMOVED","SUSPENDED","OPTIMIZE","SEARCH","2021-11-11","2037-12-30"
"9250499593","15234093576","618d7c19b7aa2","REMOVED","SUSPENDED","OPTIMIZE","SEARCH","2021-11-11","2037-12-30"
"9250499593","15234094023","618d7c27abed9","REMOVED","SUSPENDED","OPTIMIZE","SEARCH","2021-11-11","2037-12-30"
"9250499593","15234095016","618d7c481fb6e","REMOVED","SUSPENDED","OPTIMIZE","SEARCH","2021-11-11","2037-12-30"
"9250499593","15234101964","618d7cdb58f4f","REMOVED","SUSPENDED","OPTIMIZE","SEARCH","2021-11-11","2037-12-30"
"9250499593","15234102705","618d7cf5ae934","REMOVED","SUSPENDED","OPTIMIZE","SEARCH","2021-11-11","2037-12-30"
"9250499593","15234116778","618d7d93ae0bb","REMOVED","SUSPENDED","OPTIMIZE","SEARCH","2021-11-11","2037-12-30"
"9250499593","15234146280","618d7eae27a5e","REMOVED","SUSPENDED","OPTIMIZE","SEARCH","2021-11-11","2037-12-30"
"9250499593","15234147252","618d7eb131113","REMOVED","SUSPENDED","OPTIMIZE","SEARCH","2021-11-11","2037-12-30"
"9250499593","15234148470","618d7ee455e2d","REMOVED","SUSPENDED","OPTIMIZE","SEARCH","2021-11-11","2037-12-30"
"9250499593","15234228924","618d813ce0f62","REMOVED","SUSPENDED","OPTIMIZE","SEARCH","2021-11-11","2037-12-30"
"9250499593","15234252135","618d827250276","REMOVED","SUSPENDED","OPTIMIZE","SEARCH","2021-11-11","2037-12-30"
"9250499593","15234254634","618d82bceb169","REMOVED","SUSPENDED","OPTIMIZE","SEARCH","2021-11-11","2037-12-30"
"9250499593","15234255111","618d82d109d07","REMOVED","SUSPENDED","OPTIMIZE","SEARCH","2021-11-11","2037-12-30"
"9250499593","15234258192","618d830942582","REMOVED","SUSPENDED","OPTIMIZE","SEARCH","2021-11-11","2037-12-30"
"9250499593","15234258603","618d831adbec8","REMOVED","SUSPENDED","OPTIMIZE","SEARCH","2021-11-11","2037-12-30"
"9250499593","15234268983","618d835263c5e","REMOVED","SUSPENDED","OPTIMIZE","SEARCH","2021-11-11","2037-12-30"
"9250499593","15234276459","618d83bd65d24","REMOVED","SUSPENDED","OPTIMIZE","SEARCH","2021-11-11","2037-12-30"
"9250499593","15234282930","618d84837a69b","REMOVED","SUSPENDED","OPTIMIZE","SEARCH","2021-11-11","2037-12-30"
"9250499593","15234283632","618d8485f16df","REMOVED","SUSPENDED","OPTIMIZE","SEARCH","2021-11-11","2037-12-30"
"9250499593","15237528451","618d7899b1e6e","REMOVED","SUSPENDED","OPTIMIZE","SEARCH","2021-11-11","2037-12-30"
"9250499593","15237539923","618d7901c54a2","REMOVED","SUSPENDED","OPTIMIZE","SEARCH","2021-11-11","2037-12-30"
"9250499593","15237540475","618d790b46f00","REMOVED","SUSPENDED","OPTIMIZE","SEARCH","2021-11-11","2037-12-30"
"9250499593","15237541816","618d79349c1e1","REMOVED","SUSPENDED","OPTIMIZE","SEARCH","2021-11-11","2037-12-30"
"9250499593","15237563491","618d7a34dfe74","REMOVED","SUSPENDED","OPTIMIZE","SEARCH","2021-11-11","2037-12-30"
"9250499593","15237578575","618d7b1fcc00a","REMOVED","SUSPENDED","OPTIMIZE","SEARCH","2021-11-11","2037-12-30"
"9250499593","15237597028","618d7c1031e04","REMOVED","SUSPENDED","OPTIMIZE","SEARCH","2021-11-11","2037-12-30"
"9250499593","15237598078","618d7c2aa4897","REMOVED","SUSPENDED","OPTIMIZE","SEARCH","2021-11-11","2037-12-30"
"9250499593","15237608878","618d7cd6ac68f","REMOVED","SUSPENDED","OPTIMIZE","SEARCH","2021-11-11","2037-12-30"
"9250499593","15237610459","618d7d118ff5d","REMOVED","SUSPENDED","OPTIMIZE","SEARCH","2021-11-11","2037-12-30"
"9250499593","15237610552","618d7d144c263","REMOVED","SUSPENDED","OPTIMIZE","SEARCH","2021-11-11","2037-12-30"
"9250499593","15237611164","618d7d2cca9d3","REMOVED","SUSPENDED","OPTIMIZE","SEARCH","2021-11-11","2037-12-30"
"9250499593","15237651817","618d7e9d3ba46","REMOVED","SUSPENDED","OPTIMIZE","SEARCH","2021-11-11","2037-12-30"
"9250499593","15237660205","618d7ee757c10","REMOVED","SUSPENDED","OPTIMIZE","SEARCH","2021-11-11","2037-12-30"
"9250499593","15237669070","618d7f5d8ae22","REMOVED","SUSPENDED","OPTIMIZE","SEARCH","2021-11-11","2037-12-30"
"9250499593","15237669274","618d7f6092bb3","REMOVED","SUSPENDED","OPTIMIZE","SEARCH","2021-11-11","2037-12-30"
"9250499593","15237722761","618d8288832b2","REMOVED","SUSPENDED","OPTIMIZE","SEARCH","2021-11-11","2037-12-30"
"9250499593","15237729484","618d828be0e94","REMOVED","SUSPENDED","OPTIMIZE","SEARCH","2021-11-11","2037-12-30"
"9250499593","15237736441","618d82a89bdc7","REMOVED","SUSPENDED","OPTIMIZE","SEARCH","2021-11-11","2037-12-30"
"9250499593","15237736450","618d82ab708de","REMOVED","SUSPENDED","OPTIMIZE","SEARCH","2021-11-11","2037-12-30"
"9250499593","15237743752","618d82d42ecb2","REMOVED","SUSPENDED","OPTIMIZE","SEARCH","2021-11-11","2037-12-30"
"9250499593","15237747061","618d830659dd4","REMOVED","SUSPENDED","OPTIMIZE","SEARCH","2021-11-11","2037-12-30"
"9250499593","15237757090","618d8329edcf5","REMOVED","SUSPENDED","OPTIMIZE","SEARCH","2021-11-11","2037-12-30"
"9250499593","15237757096","618d832d5e4bd","REMOVED","SUSPENDED","OPTIMIZE","SEARCH","2021-11-11","2037-12-30"
"9250499593","15237757864","618d8371a7651","REMOVED","SUSPENDED","OPTIMIZE","SEARCH","2021-11-11","2037-12-30"
"9250499593","15237758617","618d83429c0fb","REMOVED","SUSPENDED","OPTIMIZE","SEARCH","2021-11-11","2037-12-30"
"9250499593","15237774184","618d83c06cbc2","REMOVED","SUSPENDED","OPTIMIZE","SEARCH","2021-11-11","2037-12-30"
"9250499593","15237779914","618d848ba5ddb","REMOVED","SUSPENDED","OPTIMIZE","SEARCH","2021-11-11","2037-12-30"
"9250499593","15238900281","618e48fabcfff","REMOVED","SUSPENDED","OPTIMIZE","SEARCH","2021-11-12","2037-12-30"
"9250499593","15239664179","618d77b2dcb0b","REMOVED","SUSPENDED","OPTIMIZE","SEARCH","2021-11-11","2037-12-30"
"9250499593","15239693426","618d77aac05a0","REMOVED","SUSPENDED","OPTIMIZE","SEARCH","2021-11-11","2037-12-30"
"9250499593","15239693516","618d77a7e6a25","REMOVED","SUSPENDED","OPTIMIZE","SEARCH","2021-11-11","2037-12-30"
"9250499593","15239732351","618d790425e5a","REMOVED","SUSPENDED","OPTIMIZE","SEARCH","2021-11-11","2037-12-30"
"9250499593","15239733095","618d793830215","REMOVED","SUSPENDED","OPTIMIZE","SEARCH","2021-11-11","2037-12-30"
"9250499593","15239735504","618d793f98840","REMOVED","SUSPENDED","OPTIMIZE","SEARCH","2021-11-11","2037-12-30"
"9250499593","15239764046","618d7b05f0e34","REMOVED","SUSPENDED","OPTIMIZE","SEARCH","2021-11-11","2037-12-30"
"9250499593","15239764274","618d7b01aec7a","REMOVED","SUSPENDED","OPTIMIZE","SEARCH","2021-11-11","2037-12-30"
"9250499593","15239764763","618d7b2890a53","REMOVED","SUSPENDED","OPTIMIZE","SEARCH","2021-11-11","2037-12-30"
"9250499593","15239772128","618d7c12bc6e2","REMOVED","SUSPENDED","OPTIMIZE","SEARCH","2021-11-11","2037-12-30"
"9250499593","15239772917","618d7c455d5e0","REMOVED","SUSPENDED","OPTIMIZE","SEARCH","2021-11-11","2037-12-30"
"9250499593","15239773619","618d7c4f824d2","REMOVED","SUSPENDED","OPTIMIZE","SEARCH","2021-11-11","2037-12-30"
"9250499593","15239788274","618d7cf98a0a7","REMOVED","SUSPENDED","OPTIMIZE","SEARCH","2021-11-11","2037-12-30"
"9250499593","15239789648","618d7d31335a2","REMOVED","SUSPENDED","OPTIMIZE","SEARCH","2021-11-11","2037-12-30"
"9250499593","15239802122","618d7d97d49ec","REMOVED","SUSPENDED","OPTIMIZE","SEARCH","2021-11-11","2037-12-30"
"9250499593","15239812235","618d7e9a4f054","REMOVED","SUSPENDED","OPTIMIZE","SEARCH","2021-11-11","2037-12-30"
"9250499593","15239841323","618d7eeea586d","REMOVED","SUSPENDED","OPTIMIZE","SEARCH","2021-11-11","2037-12-30"
"9250499593","15239905382","618d813f7de43","REMOVED","SUSPENDED","OPTIMIZE","SEARCH","2021-11-11","2037-12-30"
"9250499593","15239906381","618d8145da5ea","REMOVED","SUSPENDED","OPTIMIZE","SEARCH","2021-11-11","2037-12-30"
"9250499593","15239947586","618d81e16a8bc","REMOVED","SUSPENDED","OPTIMIZE","SEARCH","2021-11-11","2037-12-30"
"9250499593","15239966351","618d82e5267fc","REMOVED","SUSPENDED","OPTIMIZE","SEARCH","2021-11-11","2037-12-30"
"9250499593","15239973284","618d82b9ca00a","REMOVED","SUSPENDED","OPTIMIZE","SEARCH","2021-11-11","2037-12-30"
"9250499593","15239974493","618d831d9d437","REMOVED","SUSPENDED","OPTIMIZE","SEARCH","2021-11-11","2037-12-30"
"9250499593","15239975027","618d82e7ed552","REMOVED","SUSPENDED","OPTIMIZE","SEARCH","2021-11-11","2037-12-30"
"9250499593","15239981510","618d833feecb6","REMOVED","SUSPENDED","OPTIMIZE","SEARCH","2021-11-11","2037-12-30"
"9250499593","15239981918","618d834fcf3fb","REMOVED","SUSPENDED","OPTIMIZE","SEARCH","2021-11-11","2037-12-30"
"9250499593","15239988650","618d83743f5d9","REMOVED","SUSPENDED","OPTIMIZE","SEARCH","2021-11-11","2037-12-30"
"9250499593","15243109852","618e4807a51ff","REMOVED","SUSPENDED","OPTIMIZE","SEARCH","2021-11-12","2037-12-30"
"9250499593","15243110596","618e480dd921f","REMOVED","SUSPENDED","OPTIMIZE","SEARCH","2021-11-12","2037-12-30"
"9250499593","15243152140","618e49b68ce4a","ENABLED","SUSPENDED","OPTIMIZE","SEARCH","2021-11-12","2037-12-30"
"9250499593","15245032004","618e48091eb78","REMOVED","SUSPENDED","OPTIMIZE","SEARCH","2021-11-12","2037-12-30"
"9250499593","15245063891","618e48f44f9e4","REMOVED","SUSPENDED","OPTIMIZE","SEARCH","2021-11-12","2037-12-30"
"9250499593","15245063948","618e48f6033aa","REMOVED","SUSPENDED","OPTIMIZE","SEARCH","2021-11-12","2037-12-30"
"9250499593","15245085995","618e49b0063b2","REMOVED","SUSPENDED","OPTIMIZE","SEARCH","2021-11-12","2037-12-30"
"9250499593","15245086076","618e49b1c5dd3","REMOVED","SUSPENDED","OPTIMIZE","SEARCH","2021-11-12","2037-12-30"
