"3260444947","1015595176","test","ENABLED","SERVING","OPTIMIZE","SEARCH","2017-12-11","2037-12-30"
"3260444947","6621804912","Brand awareness and reach-Display-1","ENABLED","SERVING","OPTIMIZE","DISPLAY","2019-10-01","2037-12-30"
"9250499593","15243152140","618e49b68ce4a","ENABLED","SERVING","OPTIMIZE","SEARCH","2021-11-12","2037-12-30"
