"3260444947","EthnicAsatru.org","CZK","Europe/Prague"
"4719855300","Keboola Test Disabled","CZK","Europe/Prague"
"9250499593","Keboola Test","CZK","Europe/Prague"
