"9250499593","15243152140","618e49b68ce4a","ENABLED","SERVING","OPTIMIZE","SEARCH","2021-11-12","2037-12-30"
